2025-07-22T11:54:24.428+03:00  INFO 12048 --- [demo] [Test worker] com.erb.demo.DemoApplicationTests        : Starting DemoApplicationTests using Java 21.0.2 with PID 12048 (started by ayman in C:\Users\ayman\OneDrive\Desktop\erb\demo)
2025-07-22T11:54:24.428+03:00 DEBUG 12048 --- [demo] [Test worker] com.erb.demo.DemoApplicationTests        : Running with Spring Boot v3.5.3, Spring v6.2.8
2025-07-22T11:54:24.443+03:00  INFO 12048 --- [demo] [Test worker] com.erb.demo.DemoApplicationTests        : No active profile set, falling back to 1 default profile: "default"
2025-07-22T11:54:25.240+03:00  INFO 12048 --- [demo] [Test worker] .s.d.r.c.RepositoryConfigurationDelegate : Bootstrapping Spring Data JPA repositories in DEFAULT mode.
2025-07-22T11:54:25.318+03:00  INFO 12048 --- [demo] [Test worker] .s.d.r.c.RepositoryConfigurationDelegate : Finished Spring Data repository scanning in 67 ms. Found 9 JPA repository interfaces.
2025-07-22T11:54:26.311+03:00  INFO 12048 --- [demo] [Test worker] o.hibernate.jpa.internal.util.LogHelper  : HHH000204: Processing PersistenceUnitInfo [name: default]
2025-07-22T11:54:26.390+03:00  INFO 12048 --- [demo] [Test worker] org.hibernate.Version                    : HHH000412: Hibernate ORM core version 6.6.18.Final
2025-07-22T11:54:26.452+03:00  INFO 12048 --- [demo] [Test worker] o.h.c.internal.RegionFactoryInitiator    : HHH000026: Second-level cache disabled
2025-07-22T11:54:26.735+03:00  INFO 12048 --- [demo] [Test worker] o.s.o.j.p.SpringPersistenceUnitInfo      : No LoadTimeWeaver setup: ignoring JPA class transformer
2025-07-22T11:54:26.772+03:00  INFO 12048 --- [demo] [Test worker] com.zaxxer.hikari.HikariDataSource       : HikariPool-1 - Starting...
2025-07-22T11:54:27.140+03:00  INFO 12048 --- [demo] [Test worker] com.zaxxer.hikari.pool.HikariPool        : HikariPool-1 - Added connection com.mysql.cj.jdbc.ConnectionImpl@5d6d424d
2025-07-22T11:54:27.155+03:00  INFO 12048 --- [demo] [Test worker] com.zaxxer.hikari.HikariDataSource       : HikariPool-1 - Start completed.
2025-07-22T11:54:27.234+03:00  WARN 12048 --- [demo] [Test worker] org.hibernate.orm.deprecation            : HHH90000025: MySQL8Dialect does not need to be specified explicitly using 'hibernate.dialect' (remove the property setting and it will be selected by default)
2025-07-22T11:54:27.234+03:00  WARN 12048 --- [demo] [Test worker] org.hibernate.orm.deprecation            : HHH90000026: MySQL8Dialect has been deprecated; use org.hibernate.dialect.MySQLDialect instead
2025-07-22T11:54:27.250+03:00  INFO 12048 --- [demo] [Test worker] org.hibernate.orm.connections.pooling    : HHH10001005: Database info:
	Database JDBC URL [Connecting through datasource 'HikariDataSource (HikariPool-1)']
	Database driver: undefined/unknown
	Database version: 8.0
	Autocommit mode: undefined/unknown
	Isolation level: undefined/unknown
	Minimum pool size: undefined/unknown
	Maximum pool size: undefined/unknown
2025-07-22T11:54:28.232+03:00  INFO 12048 --- [demo] [Test worker] o.h.e.t.j.p.i.JtaPlatformInitiator       : HHH000489: No JTA platform available (set 'hibernate.transaction.jta.platform' to enable JTA platform integration)
2025-07-22T11:54:28.358+03:00  INFO 12048 --- [demo] [Test worker] j.LocalContainerEntityManagerFactoryBean : Initialized JPA EntityManagerFactory for persistence unit 'default'
2025-07-22T11:54:29.095+03:00  INFO 12048 --- [demo] [Test worker] eAuthenticationProviderManagerConfigurer : Global AuthenticationManager configured with AuthenticationProvider bean with name authenticationProvider
2025-07-22T11:54:29.095+03:00  WARN 12048 --- [demo] [Test worker] r$InitializeUserDetailsManagerConfigurer : Global AuthenticationManager configured with an AuthenticationProvider bean. UserDetailsService beans will not be used by Spring Security for automatically configuring username/password login. Consider removing the AuthenticationProvider bean. Alternatively, consider using the UserDetailsService in a manually instantiated DaoAuthenticationProvider. If the current configuration is intentional, to turn off this warning, increase the logging level of 'org.springframework.security.config.annotation.authentication.configuration.InitializeUserDetailsBeanManagerConfigurer' to ERROR
2025-07-22T11:54:29.209+03:00  INFO 12048 --- [demo] [Test worker] o.s.d.j.r.query.QueryEnhancerFactory     : Hibernate is in classpath; If applicable, HQL parser will be used.
2025-07-22T11:54:29.507+03:00  WARN 12048 --- [demo] [Test worker] JpaBaseConfiguration$JpaWebConfiguration : spring.jpa.open-in-view is enabled by default. Therefore, database queries may be performed during view rendering. Explicitly configure spring.jpa.open-in-view to disable this warning
2025-07-22T11:54:30.087+03:00 DEBUG 12048 --- [demo] [Test worker] o.s.s.web.DefaultSecurityFilterChain     : Will secure any request with filters: DisableEncodeUrlFilter, WebAsyncManagerIntegrationFilter, SecurityContextHolderFilter, HeaderWriterFilter, LogoutFilter, JwtAuthenticationFilter, RequestCacheAwareFilter, SecurityContextHolderAwareRequestFilter, AnonymousAuthenticationFilter, SessionManagementFilter, ExceptionTranslationFilter, AuthorizationFilter
2025-07-22T11:54:30.743+03:00  INFO 12048 --- [demo] [Test worker] com.erb.demo.DemoApplicationTests        : Started DemoApplicationTests in 6.575 seconds (process running for 13.793)
2025-07-22T11:54:31.332+03:00  INFO 12048 --- [demo] [SpringApplicationShutdownHook] j.LocalContainerEntityManagerFactoryBean : Closing JPA EntityManagerFactory for persistence unit 'default'
2025-07-22T11:54:31.348+03:00  INFO 12048 --- [demo] [SpringApplicationShutdownHook] com.zaxxer.hikari.HikariDataSource       : HikariPool-1 - Shutdown initiated...
2025-07-22T11:54:31.348+03:00  INFO 12048 --- [demo] [SpringApplicationShutdownHook] com.zaxxer.hikari.HikariDataSource       : HikariPool-1 - Shutdown completed.
2025-07-22T11:56:26.516+03:00  INFO 25920 --- [demo] [Test worker] com.erb.demo.DemoApplicationTests        : Starting DemoApplicationTests using Java 21.0.2 with PID 25920 (started by ayman in C:\Users\ayman\OneDrive\Desktop\erb\demo)
2025-07-22T11:56:26.516+03:00 DEBUG 25920 --- [demo] [Test worker] com.erb.demo.DemoApplicationTests        : Running with Spring Boot v3.5.3, Spring v6.2.8
2025-07-22T11:56:26.516+03:00  INFO 25920 --- [demo] [Test worker] com.erb.demo.DemoApplicationTests        : No active profile set, falling back to 1 default profile: "default"
2025-07-22T11:56:27.254+03:00  INFO 25920 --- [demo] [Test worker] .s.d.r.c.RepositoryConfigurationDelegate : Bootstrapping Spring Data JPA repositories in DEFAULT mode.
2025-07-22T11:56:27.348+03:00  INFO 25920 --- [demo] [Test worker] .s.d.r.c.RepositoryConfigurationDelegate : Finished Spring Data repository scanning in 76 ms. Found 9 JPA repository interfaces.
2025-07-22T11:56:28.288+03:00  INFO 25920 --- [demo] [Test worker] o.hibernate.jpa.internal.util.LogHelper  : HHH000204: Processing PersistenceUnitInfo [name: default]
2025-07-22T11:56:28.366+03:00  INFO 25920 --- [demo] [Test worker] org.hibernate.Version                    : HHH000412: Hibernate ORM core version 6.6.18.Final
2025-07-22T11:56:28.429+03:00  INFO 25920 --- [demo] [Test worker] o.h.c.internal.RegionFactoryInitiator    : HHH000026: Second-level cache disabled
2025-07-22T11:56:28.726+03:00  INFO 25920 --- [demo] [Test worker] o.s.o.j.p.SpringPersistenceUnitInfo      : No LoadTimeWeaver setup: ignoring JPA class transformer
2025-07-22T11:56:28.741+03:00  INFO 25920 --- [demo] [Test worker] com.zaxxer.hikari.HikariDataSource       : HikariPool-1 - Starting...
2025-07-22T11:56:29.039+03:00  INFO 25920 --- [demo] [Test worker] com.zaxxer.hikari.pool.HikariPool        : HikariPool-1 - Added connection com.mysql.cj.jdbc.ConnectionImpl@1c9975a8
2025-07-22T11:56:29.039+03:00  INFO 25920 --- [demo] [Test worker] com.zaxxer.hikari.HikariDataSource       : HikariPool-1 - Start completed.
2025-07-22T11:56:29.102+03:00  WARN 25920 --- [demo] [Test worker] org.hibernate.orm.deprecation            : HHH90000025: MySQL8Dialect does not need to be specified explicitly using 'hibernate.dialect' (remove the property setting and it will be selected by default)
2025-07-22T11:56:29.102+03:00  WARN 25920 --- [demo] [Test worker] org.hibernate.orm.deprecation            : HHH90000026: MySQL8Dialect has been deprecated; use org.hibernate.dialect.MySQLDialect instead
2025-07-22T11:56:29.117+03:00  INFO 25920 --- [demo] [Test worker] org.hibernate.orm.connections.pooling    : HHH10001005: Database info:
	Database JDBC URL [Connecting through datasource 'HikariDataSource (HikariPool-1)']
	Database driver: undefined/unknown
	Database version: 8.0
	Autocommit mode: undefined/unknown
	Isolation level: undefined/unknown
	Minimum pool size: undefined/unknown
	Maximum pool size: undefined/unknown
2025-07-22T11:56:30.103+03:00  INFO 25920 --- [demo] [Test worker] o.h.e.t.j.p.i.JtaPlatformInitiator       : HHH000489: No JTA platform available (set 'hibernate.transaction.jta.platform' to enable JTA platform integration)
2025-07-22T11:56:30.197+03:00  INFO 25920 --- [demo] [Test worker] j.LocalContainerEntityManagerFactoryBean : Initialized JPA EntityManagerFactory for persistence unit 'default'
2025-07-22T11:56:30.871+03:00  INFO 25920 --- [demo] [Test worker] eAuthenticationProviderManagerConfigurer : Global AuthenticationManager configured with AuthenticationProvider bean with name authenticationProvider
2025-07-22T11:56:30.871+03:00  WARN 25920 --- [demo] [Test worker] r$InitializeUserDetailsManagerConfigurer : Global AuthenticationManager configured with an AuthenticationProvider bean. UserDetailsService beans will not be used by Spring Security for automatically configuring username/password login. Consider removing the AuthenticationProvider bean. Alternatively, consider using the UserDetailsService in a manually instantiated DaoAuthenticationProvider. If the current configuration is intentional, to turn off this warning, increase the logging level of 'org.springframework.security.config.annotation.authentication.configuration.InitializeUserDetailsBeanManagerConfigurer' to ERROR
2025-07-22T11:56:30.981+03:00  INFO 25920 --- [demo] [Test worker] o.s.d.j.r.query.QueryEnhancerFactory     : Hibernate is in classpath; If applicable, HQL parser will be used.
2025-07-22T11:56:31.294+03:00  WARN 25920 --- [demo] [Test worker] JpaBaseConfiguration$JpaWebConfiguration : spring.jpa.open-in-view is enabled by default. Therefore, database queries may be performed during view rendering. Explicitly configure spring.jpa.open-in-view to disable this warning
2025-07-22T11:56:31.858+03:00 DEBUG 25920 --- [demo] [Test worker] o.s.s.web.DefaultSecurityFilterChain     : Will secure any request with filters: DisableEncodeUrlFilter, WebAsyncManagerIntegrationFilter, SecurityContextHolderFilter, HeaderWriterFilter, LogoutFilter, JwtAuthenticationFilter, RequestCacheAwareFilter, SecurityContextHolderAwareRequestFilter, AnonymousAuthenticationFilter, SessionManagementFilter, ExceptionTranslationFilter, AuthorizationFilter
2025-07-22T11:56:32.562+03:00  INFO 25920 --- [demo] [Test worker] com.erb.demo.DemoApplicationTests        : Started DemoApplicationTests in 6.321 seconds (process running for 7.53)
2025-07-22T11:56:33.178+03:00  INFO 25920 --- [demo] [SpringApplicationShutdownHook] j.LocalContainerEntityManagerFactoryBean : Closing JPA EntityManagerFactory for persistence unit 'default'
2025-07-22T11:56:33.178+03:00  INFO 25920 --- [demo] [SpringApplicationShutdownHook] com.zaxxer.hikari.HikariDataSource       : HikariPool-1 - Shutdown initiated...
2025-07-22T11:56:33.178+03:00  INFO 25920 --- [demo] [SpringApplicationShutdownHook] com.zaxxer.hikari.HikariDataSource       : HikariPool-1 - Shutdown completed.
2025-07-22T12:37:20.563+03:00  INFO 20896 --- [demo] [Test worker] com.erb.demo.DemoApplicationTests        : Starting DemoApplicationTests using Java 21.0.2 with PID 20896 (started by ayman in C:\Users\ayman\OneDrive\Desktop\erb\demo)
2025-07-22T12:37:20.565+03:00 DEBUG 20896 --- [demo] [Test worker] com.erb.demo.DemoApplicationTests        : Running with Spring Boot v3.5.3, Spring v6.2.8
2025-07-22T12:37:20.567+03:00  INFO 20896 --- [demo] [Test worker] com.erb.demo.DemoApplicationTests        : No active profile set, falling back to 1 default profile: "default"
2025-07-22T12:37:21.473+03:00  INFO 20896 --- [demo] [Test worker] .s.d.r.c.RepositoryConfigurationDelegate : Bootstrapping Spring Data JPA repositories in DEFAULT mode.
2025-07-22T12:37:21.573+03:00  INFO 20896 --- [demo] [Test worker] .s.d.r.c.RepositoryConfigurationDelegate : Finished Spring Data repository scanning in 86 ms. Found 9 JPA repository interfaces.
2025-07-22T12:37:22.580+03:00  INFO 20896 --- [demo] [Test worker] o.hibernate.jpa.internal.util.LogHelper  : HHH000204: Processing PersistenceUnitInfo [name: default]
2025-07-22T12:37:22.670+03:00  INFO 20896 --- [demo] [Test worker] org.hibernate.Version                    : HHH000412: Hibernate ORM core version 6.6.18.Final
2025-07-22T12:37:22.724+03:00  INFO 20896 --- [demo] [Test worker] o.h.c.internal.RegionFactoryInitiator    : HHH000026: Second-level cache disabled
2025-07-22T12:37:23.003+03:00  INFO 20896 --- [demo] [Test worker] o.s.o.j.p.SpringPersistenceUnitInfo      : No LoadTimeWeaver setup: ignoring JPA class transformer
2025-07-22T12:37:23.027+03:00  INFO 20896 --- [demo] [Test worker] com.zaxxer.hikari.HikariDataSource       : HikariPool-1 - Starting...
2025-07-22T12:37:23.361+03:00  INFO 20896 --- [demo] [Test worker] com.zaxxer.hikari.pool.HikariPool        : HikariPool-1 - Added connection com.mysql.cj.jdbc.ConnectionImpl@41ddec69
2025-07-22T12:37:23.364+03:00  INFO 20896 --- [demo] [Test worker] com.zaxxer.hikari.HikariDataSource       : HikariPool-1 - Start completed.
2025-07-22T12:37:23.437+03:00  WARN 20896 --- [demo] [Test worker] org.hibernate.orm.deprecation            : HHH90000025: MySQL8Dialect does not need to be specified explicitly using 'hibernate.dialect' (remove the property setting and it will be selected by default)
2025-07-22T12:37:23.439+03:00  WARN 20896 --- [demo] [Test worker] org.hibernate.orm.deprecation            : HHH90000026: MySQL8Dialect has been deprecated; use org.hibernate.dialect.MySQLDialect instead
2025-07-22T12:37:23.463+03:00  INFO 20896 --- [demo] [Test worker] org.hibernate.orm.connections.pooling    : HHH10001005: Database info:
	Database JDBC URL [Connecting through datasource 'HikariDataSource (HikariPool-1)']
	Database driver: undefined/unknown
	Database version: 8.0
	Autocommit mode: undefined/unknown
	Isolation level: undefined/unknown
	Minimum pool size: undefined/unknown
	Maximum pool size: undefined/unknown
2025-07-22T12:37:24.474+03:00  INFO 20896 --- [demo] [Test worker] o.h.e.t.j.p.i.JtaPlatformInitiator       : HHH000489: No JTA platform available (set 'hibernate.transaction.jta.platform' to enable JTA platform integration)
2025-07-22T12:37:24.591+03:00  INFO 20896 --- [demo] [Test worker] j.LocalContainerEntityManagerFactoryBean : Initialized JPA EntityManagerFactory for persistence unit 'default'
2025-07-22T12:37:25.364+03:00  INFO 20896 --- [demo] [Test worker] eAuthenticationProviderManagerConfigurer : Global AuthenticationManager configured with AuthenticationProvider bean with name authenticationProvider
2025-07-22T12:37:25.365+03:00  WARN 20896 --- [demo] [Test worker] r$InitializeUserDetailsManagerConfigurer : Global AuthenticationManager configured with an AuthenticationProvider bean. UserDetailsService beans will not be used by Spring Security for automatically configuring username/password login. Consider removing the AuthenticationProvider bean. Alternatively, consider using the UserDetailsService in a manually instantiated DaoAuthenticationProvider. If the current configuration is intentional, to turn off this warning, increase the logging level of 'org.springframework.security.config.annotation.authentication.configuration.InitializeUserDetailsBeanManagerConfigurer' to ERROR
2025-07-22T12:37:25.473+03:00  INFO 20896 --- [demo] [Test worker] o.s.d.j.r.query.QueryEnhancerFactory     : Hibernate is in classpath; If applicable, HQL parser will be used.
2025-07-22T12:37:25.817+03:00  WARN 20896 --- [demo] [Test worker] JpaBaseConfiguration$JpaWebConfiguration : spring.jpa.open-in-view is enabled by default. Therefore, database queries may be performed during view rendering. Explicitly configure spring.jpa.open-in-view to disable this warning
2025-07-22T12:37:26.479+03:00 DEBUG 20896 --- [demo] [Test worker] o.s.s.web.DefaultSecurityFilterChain     : Will secure any request with filters: DisableEncodeUrlFilter, WebAsyncManagerIntegrationFilter, SecurityContextHolderFilter, HeaderWriterFilter, LogoutFilter, JwtAuthenticationFilter, RequestCacheAwareFilter, SecurityContextHolderAwareRequestFilter, AnonymousAuthenticationFilter, SessionManagementFilter, ExceptionTranslationFilter, AuthorizationFilter
2025-07-22T12:37:27.207+03:00  INFO 20896 --- [demo] [Test worker] com.erb.demo.DemoApplicationTests        : Started DemoApplicationTests in 7.0 seconds (process running for 8.182)
2025-07-22T12:37:27.806+03:00  INFO 20896 --- [demo] [SpringApplicationShutdownHook] j.LocalContainerEntityManagerFactoryBean : Closing JPA EntityManagerFactory for persistence unit 'default'
2025-07-22T12:37:27.808+03:00  INFO 20896 --- [demo] [SpringApplicationShutdownHook] com.zaxxer.hikari.HikariDataSource       : HikariPool-1 - Shutdown initiated...
2025-07-22T12:37:27.819+03:00  INFO 20896 --- [demo] [SpringApplicationShutdownHook] com.zaxxer.hikari.HikariDataSource       : HikariPool-1 - Shutdown completed.
2025-07-22T12:50:09.304+03:00  INFO 29780 --- [demo] [Test worker] com.erb.demo.DemoApplicationTests        : Starting DemoApplicationTests using Java 21.0.2 with PID 29780 (started by ayman in C:\Users\ayman\OneDrive\Desktop\erb\demo)
2025-07-22T12:50:09.306+03:00 DEBUG 29780 --- [demo] [Test worker] com.erb.demo.DemoApplicationTests        : Running with Spring Boot v3.5.3, Spring v6.2.8
2025-07-22T12:50:09.306+03:00  INFO 29780 --- [demo] [Test worker] com.erb.demo.DemoApplicationTests        : No active profile set, falling back to 1 default profile: "default"
2025-07-22T12:50:10.683+03:00  INFO 29780 --- [demo] [Test worker] .s.d.r.c.RepositoryConfigurationDelegate : Bootstrapping Spring Data JPA repositories in DEFAULT mode.
2025-07-22T12:50:10.823+03:00  INFO 29780 --- [demo] [Test worker] .s.d.r.c.RepositoryConfigurationDelegate : Finished Spring Data repository scanning in 123 ms. Found 9 JPA repository interfaces.
2025-07-22T12:50:12.270+03:00  INFO 29780 --- [demo] [Test worker] o.hibernate.jpa.internal.util.LogHelper  : HHH000204: Processing PersistenceUnitInfo [name: default]
2025-07-22T12:50:12.414+03:00  INFO 29780 --- [demo] [Test worker] org.hibernate.Version                    : HHH000412: Hibernate ORM core version 6.6.18.Final
2025-07-22T12:50:12.468+03:00  INFO 29780 --- [demo] [Test worker] o.h.c.internal.RegionFactoryInitiator    : HHH000026: Second-level cache disabled
2025-07-22T12:50:12.858+03:00  INFO 29780 --- [demo] [Test worker] o.s.o.j.p.SpringPersistenceUnitInfo      : No LoadTimeWeaver setup: ignoring JPA class transformer
2025-07-22T12:50:12.897+03:00  INFO 29780 --- [demo] [Test worker] com.zaxxer.hikari.HikariDataSource       : HikariPool-1 - Starting...
2025-07-22T12:50:13.359+03:00  INFO 29780 --- [demo] [Test worker] com.zaxxer.hikari.pool.HikariPool        : HikariPool-1 - Added connection com.mysql.cj.jdbc.ConnectionImpl@6c56fff
2025-07-22T12:50:13.363+03:00  INFO 29780 --- [demo] [Test worker] com.zaxxer.hikari.HikariDataSource       : HikariPool-1 - Start completed.
2025-07-22T12:50:13.461+03:00  WARN 29780 --- [demo] [Test worker] org.hibernate.orm.deprecation            : HHH90000025: MySQL8Dialect does not need to be specified explicitly using 'hibernate.dialect' (remove the property setting and it will be selected by default)
2025-07-22T12:50:13.464+03:00  WARN 29780 --- [demo] [Test worker] org.hibernate.orm.deprecation            : HHH90000026: MySQL8Dialect has been deprecated; use org.hibernate.dialect.MySQLDialect instead
2025-07-22T12:50:13.522+03:00  INFO 29780 --- [demo] [Test worker] org.hibernate.orm.connections.pooling    : HHH10001005: Database info:
	Database JDBC URL [Connecting through datasource 'HikariDataSource (HikariPool-1)']
	Database driver: undefined/unknown
	Database version: 8.0
	Autocommit mode: undefined/unknown
	Isolation level: undefined/unknown
	Minimum pool size: undefined/unknown
	Maximum pool size: undefined/unknown
2025-07-22T12:50:14.858+03:00  INFO 29780 --- [demo] [Test worker] o.h.e.t.j.p.i.JtaPlatformInitiator       : HHH000489: No JTA platform available (set 'hibernate.transaction.jta.platform' to enable JTA platform integration)
2025-07-22T12:50:15.008+03:00  INFO 29780 --- [demo] [Test worker] j.LocalContainerEntityManagerFactoryBean : Initialized JPA EntityManagerFactory for persistence unit 'default'
2025-07-22T12:50:16.044+03:00  INFO 29780 --- [demo] [Test worker] eAuthenticationProviderManagerConfigurer : Global AuthenticationManager configured with AuthenticationProvider bean with name authenticationProvider
2025-07-22T12:50:16.045+03:00  WARN 29780 --- [demo] [Test worker] r$InitializeUserDetailsManagerConfigurer : Global AuthenticationManager configured with an AuthenticationProvider bean. UserDetailsService beans will not be used by Spring Security for automatically configuring username/password login. Consider removing the AuthenticationProvider bean. Alternatively, consider using the UserDetailsService in a manually instantiated DaoAuthenticationProvider. If the current configuration is intentional, to turn off this warning, increase the logging level of 'org.springframework.security.config.annotation.authentication.configuration.InitializeUserDetailsBeanManagerConfigurer' to ERROR
2025-07-22T12:50:16.206+03:00  INFO 29780 --- [demo] [Test worker] o.s.d.j.r.query.QueryEnhancerFactory     : Hibernate is in classpath; If applicable, HQL parser will be used.
2025-07-22T12:50:16.664+03:00  WARN 29780 --- [demo] [Test worker] JpaBaseConfiguration$JpaWebConfiguration : spring.jpa.open-in-view is enabled by default. Therefore, database queries may be performed during view rendering. Explicitly configure spring.jpa.open-in-view to disable this warning
2025-07-22T12:50:17.496+03:00 DEBUG 29780 --- [demo] [Test worker] o.s.s.web.DefaultSecurityFilterChain     : Will secure any request with filters: DisableEncodeUrlFilter, WebAsyncManagerIntegrationFilter, SecurityContextHolderFilter, HeaderWriterFilter, LogoutFilter, JwtAuthenticationFilter, RequestCacheAwareFilter, SecurityContextHolderAwareRequestFilter, AnonymousAuthenticationFilter, SessionManagementFilter, ExceptionTranslationFilter, AuthorizationFilter
2025-07-22T12:50:18.398+03:00  INFO 29780 --- [demo] [Test worker] com.erb.demo.DemoApplicationTests        : Started DemoApplicationTests in 9.528 seconds (process running for 11.597)
2025-07-22T12:50:20.003+03:00  INFO 29780 --- [demo] [SpringApplicationShutdownHook] j.LocalContainerEntityManagerFactoryBean : Closing JPA EntityManagerFactory for persistence unit 'default'
2025-07-22T12:50:20.010+03:00  INFO 29780 --- [demo] [SpringApplicationShutdownHook] com.zaxxer.hikari.HikariDataSource       : HikariPool-1 - Shutdown initiated...
2025-07-22T12:50:20.031+03:00  INFO 29780 --- [demo] [SpringApplicationShutdownHook] com.zaxxer.hikari.HikariDataSource       : HikariPool-1 - Shutdown completed.
2025-07-22T12:55:04.213+03:00  INFO 30784 --- [demo] [Test worker] com.erb.demo.DemoApplicationTests        : Starting DemoApplicationTests using Java 21.0.2 with PID 30784 (started by ayman in C:\Users\ayman\OneDrive\Desktop\erb\demo)
2025-07-22T12:55:04.221+03:00 DEBUG 30784 --- [demo] [Test worker] com.erb.demo.DemoApplicationTests        : Running with Spring Boot v3.5.3, Spring v6.2.8
2025-07-22T12:55:04.226+03:00  INFO 30784 --- [demo] [Test worker] com.erb.demo.DemoApplicationTests        : No active profile set, falling back to 1 default profile: "default"
2025-07-22T12:55:12.212+03:00  INFO 30784 --- [demo] [Test worker] .s.d.r.c.RepositoryConfigurationDelegate : Bootstrapping Spring Data JPA repositories in DEFAULT mode.
2025-07-22T12:55:13.278+03:00  INFO 30784 --- [demo] [Test worker] .s.d.r.c.RepositoryConfigurationDelegate : Finished Spring Data repository scanning in 932 ms. Found 9 JPA repository interfaces.
2025-07-22T12:55:22.661+03:00  INFO 30784 --- [demo] [Test worker] o.hibernate.jpa.internal.util.LogHelper  : HHH000204: Processing PersistenceUnitInfo [name: default]
2025-07-22T12:55:23.381+03:00  INFO 30784 --- [demo] [Test worker] org.hibernate.Version                    : HHH000412: Hibernate ORM core version 6.6.18.Final
2025-07-22T12:55:23.837+03:00  INFO 30784 --- [demo] [Test worker] o.h.c.internal.RegionFactoryInitiator    : HHH000026: Second-level cache disabled
2025-07-22T12:55:27.473+03:00  INFO 30784 --- [demo] [Test worker] o.s.o.j.p.SpringPersistenceUnitInfo      : No LoadTimeWeaver setup: ignoring JPA class transformer
2025-07-22T12:55:27.812+03:00  INFO 30784 --- [demo] [Test worker] com.zaxxer.hikari.HikariDataSource       : HikariPool-1 - Starting...
2025-07-22T12:55:31.330+03:00  INFO 30784 --- [demo] [Test worker] com.zaxxer.hikari.pool.HikariPool        : HikariPool-1 - Added connection com.mysql.cj.jdbc.ConnectionImpl@5e3cb58e
2025-07-22T12:55:31.354+03:00  INFO 30784 --- [demo] [Test worker] com.zaxxer.hikari.HikariDataSource       : HikariPool-1 - Start completed.
2025-07-22T12:55:31.868+03:00  WARN 30784 --- [demo] [Test worker] org.hibernate.orm.deprecation            : HHH90000025: MySQL8Dialect does not need to be specified explicitly using 'hibernate.dialect' (remove the property setting and it will be selected by default)
2025-07-22T12:55:31.882+03:00  WARN 30784 --- [demo] [Test worker] org.hibernate.orm.deprecation            : HHH90000026: MySQL8Dialect has been deprecated; use org.hibernate.dialect.MySQLDialect instead
2025-07-22T12:55:32.132+03:00  INFO 30784 --- [demo] [Test worker] org.hibernate.orm.connections.pooling    : HHH10001005: Database info:
	Database JDBC URL [Connecting through datasource 'HikariDataSource (HikariPool-1)']
	Database driver: undefined/unknown
	Database version: 8.0
	Autocommit mode: undefined/unknown
	Isolation level: undefined/unknown
	Minimum pool size: undefined/unknown
	Maximum pool size: undefined/unknown
